18-Oct-2025 12:23:28.082 INFO [main] org.apache.catalina.startup.VersionLoggerListener.log Server version name:   Apache Tomcat/10.1.33
18-Oct-2025 12:23:28.086 INFO [main] org.apache.catalina.startup.VersionLoggerListener.log Server built:          Nov 7 2024 22:28:55 UTC
18-Oct-2025 12:23:28.086 INFO [main] org.apache.catalina.startup.VersionLoggerListener.log Server version number: 10.1.33.0
18-Oct-2025 12:23:28.086 INFO [main] org.apache.catalina.startup.VersionLoggerListener.log OS Name:               Windows 10
18-Oct-2025 12:23:28.086 INFO [main] org.apache.catalina.startup.VersionLoggerListener.log OS Version:            10.0
18-Oct-2025 12:23:28.086 INFO [main] org.apache.catalina.startup.VersionLoggerListener.log Architecture:          amd64
18-Oct-2025 12:23:28.086 INFO [main] org.apache.catalina.startup.VersionLoggerListener.log Java Home:             C:\Program Files\Java\jdk-17
18-Oct-2025 12:23:28.086 INFO [main] org.apache.catalina.startup.VersionLoggerListener.log JVM Version:           17.0.12+8-LTS-286
18-Oct-2025 12:23:28.087 INFO [main] org.apache.catalina.startup.VersionLoggerListener.log JVM Vendor:            Oracle Corporation
18-Oct-2025 12:23:28.087 INFO [main] org.apache.catalina.startup.VersionLoggerListener.log CATALINA_BASE:         C:\Users\Erick\Documents\1TCC CitMobi\Pratico\CitMobi2
18-Oct-2025 12:23:28.087 INFO [main] org.apache.catalina.startup.VersionLoggerListener.log CATALINA_HOME:         C:\Program Files\Apache Software Foundation\Tomcat 10.1
18-Oct-2025 12:23:28.096 INFO [main] org.apache.catalina.startup.VersionLoggerListener.log Command line argument: --add-opens=java.base/java.lang=ALL-UNNAMED
18-Oct-2025 12:23:28.096 INFO [main] org.apache.catalina.startup.VersionLoggerListener.log Command line argument: --add-opens=java.base/java.io=ALL-UNNAMED
18-Oct-2025 12:23:28.097 INFO [main] org.apache.catalina.startup.VersionLoggerListener.log Command line argument: --add-opens=java.base/java.util=ALL-UNNAMED
18-Oct-2025 12:23:28.097 INFO [main] org.apache.catalina.startup.VersionLoggerListener.log Command line argument: --add-opens=java.base/java.util.concurrent=ALL-UNNAMED
18-Oct-2025 12:23:28.097 INFO [main] org.apache.catalina.startup.VersionLoggerListener.log Command line argument: --add-opens=java.rmi/sun.rmi.transport=ALL-UNNAMED
18-Oct-2025 12:23:28.097 INFO [main] org.apache.catalina.startup.VersionLoggerListener.log Command line argument: -Dcatalina.home=C:\Program Files\Apache Software Foundation\Tomcat 10.1
18-Oct-2025 12:23:28.097 INFO [main] org.apache.catalina.startup.VersionLoggerListener.log Command line argument: -Dcatalina.base=C:\Users\Erick\Documents\1TCC CitMobi\Pratico\CitMobi2
18-Oct-2025 12:23:28.097 INFO [main] org.apache.catalina.startup.VersionLoggerListener.log Command line argument: -Djava.io.tmpdir=C:\Users\Erick\Documents\1TCC CitMobi\Pratico\CitMobi2\temp
18-Oct-2025 12:23:28.097 INFO [main] org.apache.catalina.startup.VersionLoggerListener.log Command line argument: -Djava.util.logging.config.file=C:\Users\Erick\Documents\1TCC CitMobi\Pratico\CitMobi2\conf\logging.properties
18-Oct-2025 12:23:28.097 INFO [main] org.apache.catalina.startup.VersionLoggerListener.log Command line argument: -Djava.util.logging.manager=org.apache.juli.ClassLoaderLogManager
18-Oct-2025 12:23:28.098 INFO [main] org.apache.catalina.startup.VersionLoggerListener.log Command line argument: -javaagent:C:\Program Files\JetBrains\IntelliJ IDEA Community Edition 2023.3.2\lib\idea_rt.jar=57397:C:\Program Files\JetBrains\IntelliJ IDEA Community Edition 2023.3.2\bin
18-Oct-2025 12:23:28.098 INFO [main] org.apache.catalina.startup.VersionLoggerListener.log Command line argument: -Dfile.encoding=UTF-8
18-Oct-2025 12:23:28.107 INFO [main] org.apache.catalina.core.AprLifecycleListener.lifecycleEvent The Apache Tomcat Native library which allows using OpenSSL was not found on the java.library.path: [C:\Program Files\Java\jdk-17\bin;C:\Windows\Sun\Java\bin;C:\Windows\system32;C:\Windows;C:\Program Files (x86)\NVIDIA Corporation\PhysX\Common;C:\Python312\Scripts\;C:\Python312\;C:\Program Files\Common Files\Oracle\Java\javapath;C:\Program Files (x86)\Common Files\Intel\Shared Libraries\redist\intel64\compiler;C:\Windows\system32;C:\Windows;C:\Windows\System32\Wbem;C:\Windows\System32\WindowsPowerShell\v1.0\;C:\Windows\System32\OpenSSH\;C:\ProgramData\chocolatey\bin;C:\Program Files\Git\cmd;C:\Program Files\nodejs\;C:\Program Files\Docker\Docker\resources\bin;C:\Program Files\Apache Software Foundation\Maven\bin;C:\Users\Erick\.console-ninja\.bin;C:\Users\Erick\AppData\Local\Microsoft\WindowsApps;C:\Users\Erick\AppData\Local\Programs\Hyper\resources\bin;C:\yt-dlp.exe;;C:\Users\Erick\AppData\Local\Programs\Microsoft VS Code\bin;C:\Program Files\JetBrains\IntelliJ IDEA Community Edition 2023.3.2\bin;;C:\Users\Erick\AppData\Roaming\npm;.]
18-Oct-2025 12:23:28.288 INFO [main] org.apache.coyote.AbstractProtocol.init Initializing ProtocolHandler ["http-nio-8080"]
18-Oct-2025 12:23:28.303 INFO [main] org.apache.catalina.startup.Catalina.load Server initialization in [385] milliseconds
18-Oct-2025 12:23:28.342 INFO [main] org.apache.catalina.core.StandardService.startInternal Starting service [Catalina]
18-Oct-2025 12:23:28.342 INFO [main] org.apache.catalina.core.StandardEngine.startInternal Starting Servlet engine: [Apache Tomcat/10.1.33]
18-Oct-2025 12:23:28.351 INFO [main] org.apache.catalina.startup.HostConfig.deployDescriptor Deploying deployment descriptor [C:\Users\Erick\Documents\1TCC CitMobi\Pratico\CitMobi2\conf\Catalina\localhost\citmobi.xml]
18-Oct-2025 12:23:32.338 INFO [main] org.apache.jasper.servlet.TldScanner.scanJars At least one JAR was scanned for TLDs yet contained no TLDs. Enable debug logging for this logger for a complete list of JARs that were scanned but no TLDs were found in them. Skipping unneeded JARs during scanning can improve startup time and JSP compilation time.
18-Oct-2025 12:23:44.604 INFO [main] org.apache.catalina.startup.HostConfig.deployDescriptor Deployment of deployment descriptor [C:\Users\Erick\Documents\1TCC CitMobi\Pratico\CitMobi2\conf\Catalina\localhost\citmobi.xml] has finished in [16.252] ms
18-Oct-2025 12:23:44.607 INFO [main] org.apache.coyote.AbstractProtocol.start Starting ProtocolHandler ["http-nio-8080"]
18-Oct-2025 12:23:44.624 INFO [main] org.apache.catalina.startup.Catalina.start Server startup in [16320] milliseconds
18-Oct-2025 12:39:13.245 INFO [Thread-3] org.apache.coyote.AbstractProtocol.pause Pausing ProtocolHandler ["http-nio-8080"]
18-Oct-2025 12:39:13.272 INFO [Thread-3] org.apache.catalina.core.StandardService.stopInternal Stopping service [Catalina]
18-Oct-2025 12:39:13.322 INFO [Thread-3] org.apache.coyote.AbstractProtocol.stop Stopping ProtocolHandler ["http-nio-8080"]
18-Oct-2025 12:39:13.330 INFO [Thread-3] org.apache.coyote.AbstractProtocol.destroy Destroying ProtocolHandler ["http-nio-8080"]
18-Oct-2025 13:13:54.953 INFO [main] org.apache.catalina.startup.VersionLoggerListener.log Server version name:   Apache Tomcat/10.1.33
18-Oct-2025 13:13:54.957 INFO [main] org.apache.catalina.startup.VersionLoggerListener.log Server built:          Nov 7 2024 22:28:55 UTC
18-Oct-2025 13:13:54.957 INFO [main] org.apache.catalina.startup.VersionLoggerListener.log Server version number: 10.1.33.0
18-Oct-2025 13:13:54.957 INFO [main] org.apache.catalina.startup.VersionLoggerListener.log OS Name:               Windows 10
18-Oct-2025 13:13:54.957 INFO [main] org.apache.catalina.startup.VersionLoggerListener.log OS Version:            10.0
18-Oct-2025 13:13:54.957 INFO [main] org.apache.catalina.startup.VersionLoggerListener.log Architecture:          amd64
18-Oct-2025 13:13:54.957 INFO [main] org.apache.catalina.startup.VersionLoggerListener.log Java Home:             C:\Program Files\Java\jdk-17
18-Oct-2025 13:13:54.957 INFO [main] org.apache.catalina.startup.VersionLoggerListener.log JVM Version:           17.0.12+8-LTS-286
18-Oct-2025 13:13:54.957 INFO [main] org.apache.catalina.startup.VersionLoggerListener.log JVM Vendor:            Oracle Corporation
18-Oct-2025 13:13:54.958 INFO [main] org.apache.catalina.startup.VersionLoggerListener.log CATALINA_BASE:         C:\Users\Erick\Documents\1TCC CitMobi\Pratico\CitMobi2
18-Oct-2025 13:13:54.958 INFO [main] org.apache.catalina.startup.VersionLoggerListener.log CATALINA_HOME:         C:\Program Files\Apache Software Foundation\Tomcat 10.1
18-Oct-2025 13:13:54.967 INFO [main] org.apache.catalina.startup.VersionLoggerListener.log Command line argument: --add-opens=java.base/java.lang=ALL-UNNAMED
18-Oct-2025 13:13:54.967 INFO [main] org.apache.catalina.startup.VersionLoggerListener.log Command line argument: --add-opens=java.base/java.io=ALL-UNNAMED
18-Oct-2025 13:13:54.967 INFO [main] org.apache.catalina.startup.VersionLoggerListener.log Command line argument: --add-opens=java.base/java.util=ALL-UNNAMED
18-Oct-2025 13:13:54.968 INFO [main] org.apache.catalina.startup.VersionLoggerListener.log Command line argument: --add-opens=java.base/java.util.concurrent=ALL-UNNAMED
18-Oct-2025 13:13:54.968 INFO [main] org.apache.catalina.startup.VersionLoggerListener.log Command line argument: --add-opens=java.rmi/sun.rmi.transport=ALL-UNNAMED
18-Oct-2025 13:13:54.968 INFO [main] org.apache.catalina.startup.VersionLoggerListener.log Command line argument: -Dcatalina.home=C:\Program Files\Apache Software Foundation\Tomcat 10.1
18-Oct-2025 13:13:54.968 INFO [main] org.apache.catalina.startup.VersionLoggerListener.log Command line argument: -Dcatalina.base=C:\Users\Erick\Documents\1TCC CitMobi\Pratico\CitMobi2
18-Oct-2025 13:13:54.968 INFO [main] org.apache.catalina.startup.VersionLoggerListener.log Command line argument: -Djava.io.tmpdir=C:\Users\Erick\Documents\1TCC CitMobi\Pratico\CitMobi2\temp
18-Oct-2025 13:13:54.968 INFO [main] org.apache.catalina.startup.VersionLoggerListener.log Command line argument: -Djava.util.logging.config.file=C:\Users\Erick\Documents\1TCC CitMobi\Pratico\CitMobi2\conf\logging.properties
18-Oct-2025 13:13:54.968 INFO [main] org.apache.catalina.startup.VersionLoggerListener.log Command line argument: -Djava.util.logging.manager=org.apache.juli.ClassLoaderLogManager
18-Oct-2025 13:13:54.968 INFO [main] org.apache.catalina.startup.VersionLoggerListener.log Command line argument: -javaagent:C:\Program Files\JetBrains\IntelliJ IDEA Community Edition 2023.3.2\lib\idea_rt.jar=62661:C:\Program Files\JetBrains\IntelliJ IDEA Community Edition 2023.3.2\bin
18-Oct-2025 13:13:54.968 INFO [main] org.apache.catalina.startup.VersionLoggerListener.log Command line argument: -Dfile.encoding=UTF-8
18-Oct-2025 13:13:54.980 INFO [main] org.apache.catalina.core.AprLifecycleListener.lifecycleEvent The Apache Tomcat Native library which allows using OpenSSL was not found on the java.library.path: [C:\Program Files\Java\jdk-17\bin;C:\Windows\Sun\Java\bin;C:\Windows\system32;C:\Windows;C:\Program Files (x86)\NVIDIA Corporation\PhysX\Common;C:\Python312\Scripts\;C:\Python312\;C:\Program Files\Common Files\Oracle\Java\javapath;C:\Program Files (x86)\Common Files\Intel\Shared Libraries\redist\intel64\compiler;C:\Windows\system32;C:\Windows;C:\Windows\System32\Wbem;C:\Windows\System32\WindowsPowerShell\v1.0\;C:\Windows\System32\OpenSSH\;C:\ProgramData\chocolatey\bin;C:\Program Files\Git\cmd;C:\Program Files\nodejs\;C:\Program Files\Docker\Docker\resources\bin;C:\Program Files\Apache Software Foundation\Maven\bin;C:\Users\Erick\.console-ninja\.bin;C:\Users\Erick\AppData\Local\Microsoft\WindowsApps;C:\Users\Erick\AppData\Local\Programs\Hyper\resources\bin;C:\yt-dlp.exe;;C:\Users\Erick\AppData\Local\Programs\Microsoft VS Code\bin;C:\Program Files\JetBrains\IntelliJ IDEA Community Edition 2023.3.2\bin;;C:\Users\Erick\AppData\Roaming\npm;.]
18-Oct-2025 13:13:55.175 INFO [main] org.apache.coyote.AbstractProtocol.init Initializing ProtocolHandler ["http-nio-8080"]
18-Oct-2025 13:13:55.189 INFO [main] org.apache.catalina.startup.Catalina.load Server initialization in [378] milliseconds
18-Oct-2025 13:13:55.224 INFO [main] org.apache.catalina.core.StandardService.startInternal Starting service [Catalina]
18-Oct-2025 13:13:55.224 INFO [main] org.apache.catalina.core.StandardEngine.startInternal Starting Servlet engine: [Apache Tomcat/10.1.33]
18-Oct-2025 13:13:55.233 INFO [main] org.apache.catalina.startup.HostConfig.deployDescriptor Deploying deployment descriptor [C:\Users\Erick\Documents\1TCC CitMobi\Pratico\CitMobi2\conf\Catalina\localhost\citmobi.xml]
18-Oct-2025 13:13:59.356 INFO [main] org.apache.jasper.servlet.TldScanner.scanJars At least one JAR was scanned for TLDs yet contained no TLDs. Enable debug logging for this logger for a complete list of JARs that were scanned but no TLDs were found in them. Skipping unneeded JARs during scanning can improve startup time and JSP compilation time.
18-Oct-2025 13:14:12.108 INFO [main] org.apache.catalina.startup.HostConfig.deployDescriptor Deployment of deployment descriptor [C:\Users\Erick\Documents\1TCC CitMobi\Pratico\CitMobi2\conf\Catalina\localhost\citmobi.xml] has finished in [16.875] ms
18-Oct-2025 13:14:12.111 INFO [main] org.apache.coyote.AbstractProtocol.start Starting ProtocolHandler ["http-nio-8080"]
18-Oct-2025 13:14:12.125 INFO [main] org.apache.catalina.startup.Catalina.start Server startup in [16935] milliseconds
18-Oct-2025 13:18:49.976 INFO [Thread-3] org.apache.coyote.AbstractProtocol.pause Pausing ProtocolHandler ["http-nio-8080"]
18-Oct-2025 13:18:50.003 INFO [Thread-3] org.apache.catalina.core.StandardService.stopInternal Stopping service [Catalina]
18-Oct-2025 13:18:50.056 INFO [Thread-3] org.apache.coyote.AbstractProtocol.stop Stopping ProtocolHandler ["http-nio-8080"]
18-Oct-2025 13:18:50.061 INFO [Thread-3] org.apache.coyote.AbstractProtocol.destroy Destroying ProtocolHandler ["http-nio-8080"]
18-Oct-2025 13:18:52.372 INFO [main] org.apache.catalina.startup.VersionLoggerListener.log Server version name:   Apache Tomcat/10.1.33
18-Oct-2025 13:18:52.375 INFO [main] org.apache.catalina.startup.VersionLoggerListener.log Server built:          Nov 7 2024 22:28:55 UTC
18-Oct-2025 13:18:52.375 INFO [main] org.apache.catalina.startup.VersionLoggerListener.log Server version number: 10.1.33.0
18-Oct-2025 13:18:52.375 INFO [main] org.apache.catalina.startup.VersionLoggerListener.log OS Name:               Windows 10
18-Oct-2025 13:18:52.375 INFO [main] org.apache.catalina.startup.VersionLoggerListener.log OS Version:            10.0
18-Oct-2025 13:18:52.375 INFO [main] org.apache.catalina.startup.VersionLoggerListener.log Architecture:          amd64
18-Oct-2025 13:18:52.375 INFO [main] org.apache.catalina.startup.VersionLoggerListener.log Java Home:             C:\Program Files\Java\jdk-17
18-Oct-2025 13:18:52.376 INFO [main] org.apache.catalina.startup.VersionLoggerListener.log JVM Version:           17.0.12+8-LTS-286
18-Oct-2025 13:18:52.376 INFO [main] org.apache.catalina.startup.VersionLoggerListener.log JVM Vendor:            Oracle Corporation
18-Oct-2025 13:18:52.376 INFO [main] org.apache.catalina.startup.VersionLoggerListener.log CATALINA_BASE:         C:\Users\Erick\Documents\1TCC CitMobi\Pratico\CitMobi2
18-Oct-2025 13:18:52.376 INFO [main] org.apache.catalina.startup.VersionLoggerListener.log CATALINA_HOME:         C:\Program Files\Apache Software Foundation\Tomcat 10.1
18-Oct-2025 13:18:52.382 INFO [main] org.apache.catalina.startup.VersionLoggerListener.log Command line argument: --add-opens=java.base/java.lang=ALL-UNNAMED
18-Oct-2025 13:18:52.382 INFO [main] org.apache.catalina.startup.VersionLoggerListener.log Command line argument: --add-opens=java.base/java.io=ALL-UNNAMED
18-Oct-2025 13:18:52.382 INFO [main] org.apache.catalina.startup.VersionLoggerListener.log Command line argument: --add-opens=java.base/java.util=ALL-UNNAMED
18-Oct-2025 13:18:52.382 INFO [main] org.apache.catalina.startup.VersionLoggerListener.log Command line argument: --add-opens=java.base/java.util.concurrent=ALL-UNNAMED
18-Oct-2025 13:18:52.382 INFO [main] org.apache.catalina.startup.VersionLoggerListener.log Command line argument: --add-opens=java.rmi/sun.rmi.transport=ALL-UNNAMED
18-Oct-2025 13:18:52.382 INFO [main] org.apache.catalina.startup.VersionLoggerListener.log Command line argument: -Dcatalina.home=C:\Program Files\Apache Software Foundation\Tomcat 10.1
18-Oct-2025 13:18:52.382 INFO [main] org.apache.catalina.startup.VersionLoggerListener.log Command line argument: -Dcatalina.base=C:\Users\Erick\Documents\1TCC CitMobi\Pratico\CitMobi2
18-Oct-2025 13:18:52.382 INFO [main] org.apache.catalina.startup.VersionLoggerListener.log Command line argument: -Djava.io.tmpdir=C:\Users\Erick\Documents\1TCC CitMobi\Pratico\CitMobi2\temp
18-Oct-2025 13:18:52.382 INFO [main] org.apache.catalina.startup.VersionLoggerListener.log Command line argument: -Djava.util.logging.config.file=C:\Users\Erick\Documents\1TCC CitMobi\Pratico\CitMobi2\conf\logging.properties
18-Oct-2025 13:18:52.383 INFO [main] org.apache.catalina.startup.VersionLoggerListener.log Command line argument: -Djava.util.logging.manager=org.apache.juli.ClassLoaderLogManager
18-Oct-2025 13:18:52.383 INFO [main] org.apache.catalina.startup.VersionLoggerListener.log Command line argument: -javaagent:C:\Program Files\JetBrains\IntelliJ IDEA Community Edition 2023.3.2\lib\idea_rt.jar=63231:C:\Program Files\JetBrains\IntelliJ IDEA Community Edition 2023.3.2\bin
18-Oct-2025 13:18:52.383 INFO [main] org.apache.catalina.startup.VersionLoggerListener.log Command line argument: -Dfile.encoding=UTF-8
18-Oct-2025 13:18:52.390 INFO [main] org.apache.catalina.core.AprLifecycleListener.lifecycleEvent The Apache Tomcat Native library which allows using OpenSSL was not found on the java.library.path: [C:\Program Files\Java\jdk-17\bin;C:\Windows\Sun\Java\bin;C:\Windows\system32;C:\Windows;C:\Program Files (x86)\NVIDIA Corporation\PhysX\Common;C:\Python312\Scripts\;C:\Python312\;C:\Program Files\Common Files\Oracle\Java\javapath;C:\Program Files (x86)\Common Files\Intel\Shared Libraries\redist\intel64\compiler;C:\Windows\system32;C:\Windows;C:\Windows\System32\Wbem;C:\Windows\System32\WindowsPowerShell\v1.0\;C:\Windows\System32\OpenSSH\;C:\ProgramData\chocolatey\bin;C:\Program Files\Git\cmd;C:\Program Files\nodejs\;C:\Program Files\Docker\Docker\resources\bin;C:\Program Files\Apache Software Foundation\Maven\bin;C:\Users\Erick\.console-ninja\.bin;C:\Users\Erick\AppData\Local\Microsoft\WindowsApps;C:\Users\Erick\AppData\Local\Programs\Hyper\resources\bin;C:\yt-dlp.exe;;C:\Users\Erick\AppData\Local\Programs\Microsoft VS Code\bin;C:\Program Files\JetBrains\IntelliJ IDEA Community Edition 2023.3.2\bin;;C:\Users\Erick\AppData\Roaming\npm;.]
18-Oct-2025 13:18:52.568 INFO [main] org.apache.coyote.AbstractProtocol.init Initializing ProtocolHandler ["http-nio-8080"]
18-Oct-2025 13:18:52.583 INFO [main] org.apache.catalina.startup.Catalina.load Server initialization in [337] milliseconds
18-Oct-2025 13:18:52.618 INFO [main] org.apache.catalina.core.StandardService.startInternal Starting service [Catalina]
18-Oct-2025 13:18:52.618 INFO [main] org.apache.catalina.core.StandardEngine.startInternal Starting Servlet engine: [Apache Tomcat/10.1.33]
18-Oct-2025 13:18:52.628 INFO [main] org.apache.catalina.startup.HostConfig.deployDescriptor Deploying deployment descriptor [C:\Users\Erick\Documents\1TCC CitMobi\Pratico\CitMobi2\conf\Catalina\localhost\citmobi.xml]
18-Oct-2025 13:18:56.476 INFO [main] org.apache.jasper.servlet.TldScanner.scanJars At least one JAR was scanned for TLDs yet contained no TLDs. Enable debug logging for this logger for a complete list of JARs that were scanned but no TLDs were found in them. Skipping unneeded JARs during scanning can improve startup time and JSP compilation time.
18-Oct-2025 13:19:09.565 INFO [main] org.apache.catalina.startup.HostConfig.deployDescriptor Deployment of deployment descriptor [C:\Users\Erick\Documents\1TCC CitMobi\Pratico\CitMobi2\conf\Catalina\localhost\citmobi.xml] has finished in [16.936] ms
18-Oct-2025 13:19:09.567 INFO [main] org.apache.coyote.AbstractProtocol.start Starting ProtocolHandler ["http-nio-8080"]
18-Oct-2025 13:19:09.579 INFO [main] org.apache.catalina.startup.Catalina.start Server startup in [16996] milliseconds
18-Oct-2025 13:19:40.540 INFO [Thread-3] org.apache.coyote.AbstractProtocol.pause Pausing ProtocolHandler ["http-nio-8080"]
18-Oct-2025 13:19:40.568 INFO [Thread-3] org.apache.catalina.core.StandardService.stopInternal Stopping service [Catalina]
18-Oct-2025 13:19:40.620 INFO [Thread-3] org.apache.coyote.AbstractProtocol.stop Stopping ProtocolHandler ["http-nio-8080"]
18-Oct-2025 13:19:40.625 INFO [Thread-3] org.apache.coyote.AbstractProtocol.destroy Destroying ProtocolHandler ["http-nio-8080"]
18-Oct-2025 13:19:42.113 INFO [main] org.apache.catalina.startup.VersionLoggerListener.log Server version name:   Apache Tomcat/10.1.33
18-Oct-2025 13:19:42.118 INFO [main] org.apache.catalina.startup.VersionLoggerListener.log Server built:          Nov 7 2024 22:28:55 UTC
18-Oct-2025 13:19:42.119 INFO [main] org.apache.catalina.startup.VersionLoggerListener.log Server version number: 10.1.33.0
18-Oct-2025 13:19:42.119 INFO [main] org.apache.catalina.startup.VersionLoggerListener.log OS Name:               Windows 10
18-Oct-2025 13:19:42.119 INFO [main] org.apache.catalina.startup.VersionLoggerListener.log OS Version:            10.0
18-Oct-2025 13:19:42.119 INFO [main] org.apache.catalina.startup.VersionLoggerListener.log Architecture:          amd64
18-Oct-2025 13:19:42.119 INFO [main] org.apache.catalina.startup.VersionLoggerListener.log Java Home:             C:\Program Files\Java\jdk-17
18-Oct-2025 13:19:42.120 INFO [main] org.apache.catalina.startup.VersionLoggerListener.log JVM Version:           17.0.12+8-LTS-286
18-Oct-2025 13:19:42.120 INFO [main] org.apache.catalina.startup.VersionLoggerListener.log JVM Vendor:            Oracle Corporation
18-Oct-2025 13:19:42.120 INFO [main] org.apache.catalina.startup.VersionLoggerListener.log CATALINA_BASE:         C:\Users\Erick\Documents\1TCC CitMobi\Pratico\CitMobi2
18-Oct-2025 13:19:42.120 INFO [main] org.apache.catalina.startup.VersionLoggerListener.log CATALINA_HOME:         C:\Program Files\Apache Software Foundation\Tomcat 10.1
18-Oct-2025 13:19:42.134 INFO [main] org.apache.catalina.startup.VersionLoggerListener.log Command line argument: --add-opens=java.base/java.lang=ALL-UNNAMED
18-Oct-2025 13:19:42.134 INFO [main] org.apache.catalina.startup.VersionLoggerListener.log Command line argument: --add-opens=java.base/java.io=ALL-UNNAMED
18-Oct-2025 13:19:42.134 INFO [main] org.apache.catalina.startup.VersionLoggerListener.log Command line argument: --add-opens=java.base/java.util=ALL-UNNAMED
18-Oct-2025 13:19:42.134 INFO [main] org.apache.catalina.startup.VersionLoggerListener.log Command line argument: --add-opens=java.base/java.util.concurrent=ALL-UNNAMED
18-Oct-2025 13:19:42.134 INFO [main] org.apache.catalina.startup.VersionLoggerListener.log Command line argument: --add-opens=java.rmi/sun.rmi.transport=ALL-UNNAMED
18-Oct-2025 13:19:42.134 INFO [main] org.apache.catalina.startup.VersionLoggerListener.log Command line argument: -agentlib:jdwp=transport=dt_socket,address=127.0.0.1:63347,suspend=y,server=n
18-Oct-2025 13:19:42.134 INFO [main] org.apache.catalina.startup.VersionLoggerListener.log Command line argument: -Dcatalina.home=C:\Program Files\Apache Software Foundation\Tomcat 10.1
18-Oct-2025 13:19:42.134 INFO [main] org.apache.catalina.startup.VersionLoggerListener.log Command line argument: -Dcatalina.base=C:\Users\Erick\Documents\1TCC CitMobi\Pratico\CitMobi2
18-Oct-2025 13:19:42.135 INFO [main] org.apache.catalina.startup.VersionLoggerListener.log Command line argument: -Djava.io.tmpdir=C:\Users\Erick\Documents\1TCC CitMobi\Pratico\CitMobi2\temp
18-Oct-2025 13:19:42.135 INFO [main] org.apache.catalina.startup.VersionLoggerListener.log Command line argument: -Djava.util.logging.config.file=C:\Users\Erick\Documents\1TCC CitMobi\Pratico\CitMobi2\conf\logging.properties
18-Oct-2025 13:19:42.135 INFO [main] org.apache.catalina.startup.VersionLoggerListener.log Command line argument: -Djava.util.logging.manager=org.apache.juli.ClassLoaderLogManager
18-Oct-2025 13:19:42.135 INFO [main] org.apache.catalina.startup.VersionLoggerListener.log Command line argument: -javaagent:C:\Users\Erick\AppData\Local\JetBrains\IdeaIC2023.3\captureAgent\debugger-agent.jar
18-Oct-2025 13:19:42.135 INFO [main] org.apache.catalina.startup.VersionLoggerListener.log Command line argument: -Dfile.encoding=UTF-8
18-Oct-2025 13:19:42.148 INFO [main] org.apache.catalina.core.AprLifecycleListener.lifecycleEvent The Apache Tomcat Native library which allows using OpenSSL was not found on the java.library.path: [C:\Program Files\Java\jdk-17\bin;C:\Windows\Sun\Java\bin;C:\Windows\system32;C:\Windows;C:\Program Files (x86)\NVIDIA Corporation\PhysX\Common;C:\Python312\Scripts\;C:\Python312\;C:\Program Files\Common Files\Oracle\Java\javapath;C:\Program Files (x86)\Common Files\Intel\Shared Libraries\redist\intel64\compiler;C:\Windows\system32;C:\Windows;C:\Windows\System32\Wbem;C:\Windows\System32\WindowsPowerShell\v1.0\;C:\Windows\System32\OpenSSH\;C:\ProgramData\chocolatey\bin;C:\Program Files\Git\cmd;C:\Program Files\nodejs\;C:\Program Files\Docker\Docker\resources\bin;C:\Program Files\Apache Software Foundation\Maven\bin;C:\Users\Erick\.console-ninja\.bin;C:\Users\Erick\AppData\Local\Microsoft\WindowsApps;C:\Users\Erick\AppData\Local\Programs\Hyper\resources\bin;C:\yt-dlp.exe;;C:\Users\Erick\AppData\Local\Programs\Microsoft VS Code\bin;C:\Program Files\JetBrains\IntelliJ IDEA Community Edition 2023.3.2\bin;;C:\Users\Erick\AppData\Roaming\npm;.]
18-Oct-2025 13:19:42.359 INFO [main] org.apache.coyote.AbstractProtocol.init Initializing ProtocolHandler ["http-nio-8080"]
18-Oct-2025 13:19:42.381 INFO [main] org.apache.catalina.startup.Catalina.load Server initialization in [472] milliseconds
18-Oct-2025 13:19:42.425 INFO [main] org.apache.catalina.core.StandardService.startInternal Starting service [Catalina]
18-Oct-2025 13:19:42.425 INFO [main] org.apache.catalina.core.StandardEngine.startInternal Starting Servlet engine: [Apache Tomcat/10.1.33]
18-Oct-2025 13:19:42.436 INFO [main] org.apache.catalina.startup.HostConfig.deployDescriptor Deploying deployment descriptor [C:\Users\Erick\Documents\1TCC CitMobi\Pratico\CitMobi2\conf\Catalina\localhost\citmobi.xml]
18-Oct-2025 13:19:46.300 INFO [main] org.apache.jasper.servlet.TldScanner.scanJars At least one JAR was scanned for TLDs yet contained no TLDs. Enable debug logging for this logger for a complete list of JARs that were scanned but no TLDs were found in them. Skipping unneeded JARs during scanning can improve startup time and JSP compilation time.
18-Oct-2025 13:20:01.227 INFO [main] org.apache.catalina.startup.HostConfig.deployDescriptor Deployment of deployment descriptor [C:\Users\Erick\Documents\1TCC CitMobi\Pratico\CitMobi2\conf\Catalina\localhost\citmobi.xml] has finished in [18.791] ms
18-Oct-2025 13:20:01.233 INFO [main] org.apache.coyote.AbstractProtocol.start Starting ProtocolHandler ["http-nio-8080"]
18-Oct-2025 13:20:01.256 INFO [main] org.apache.catalina.startup.Catalina.start Server startup in [18875] milliseconds
18-Oct-2025 13:24:13.358 INFO [Thread-3] org.apache.coyote.AbstractProtocol.pause Pausing ProtocolHandler ["http-nio-8080"]
18-Oct-2025 13:24:13.387 INFO [Thread-3] org.apache.catalina.core.StandardService.stopInternal Stopping service [Catalina]
18-Oct-2025 13:24:13.389 INFO [Thread-3] org.apache.catalina.core.StandardWrapper.unload Waiting for [1] instance(s) to be deallocated for Servlet [dispatcherServlet]
18-Oct-2025 13:24:13.728 INFO [Thread-3] org.apache.coyote.AbstractProtocol.stop Stopping ProtocolHandler ["http-nio-8080"]
18-Oct-2025 13:24:13.730 INFO [Thread-3] org.apache.coyote.AbstractProtocol.destroy Destroying ProtocolHandler ["http-nio-8080"]
18-Oct-2025 13:24:15.705 INFO [main] org.apache.catalina.startup.VersionLoggerListener.log Server version name:   Apache Tomcat/10.1.33
18-Oct-2025 13:24:15.708 INFO [main] org.apache.catalina.startup.VersionLoggerListener.log Server built:          Nov 7 2024 22:28:55 UTC
18-Oct-2025 13:24:15.709 INFO [main] org.apache.catalina.startup.VersionLoggerListener.log Server version number: 10.1.33.0
18-Oct-2025 13:24:15.709 INFO [main] org.apache.catalina.startup.VersionLoggerListener.log OS Name:               Windows 10
18-Oct-2025 13:24:15.709 INFO [main] org.apache.catalina.startup.VersionLoggerListener.log OS Version:            10.0
18-Oct-2025 13:24:15.709 INFO [main] org.apache.catalina.startup.VersionLoggerListener.log Architecture:          amd64
18-Oct-2025 13:24:15.709 INFO [main] org.apache.catalina.startup.VersionLoggerListener.log Java Home:             C:\Program Files\Java\jdk-17
18-Oct-2025 13:24:15.709 INFO [main] org.apache.catalina.startup.VersionLoggerListener.log JVM Version:           17.0.12+8-LTS-286
18-Oct-2025 13:24:15.709 INFO [main] org.apache.catalina.startup.VersionLoggerListener.log JVM Vendor:            Oracle Corporation
18-Oct-2025 13:24:15.709 INFO [main] org.apache.catalina.startup.VersionLoggerListener.log CATALINA_BASE:         C:\Users\Erick\Documents\1TCC CitMobi\Pratico\CitMobi2
18-Oct-2025 13:24:15.709 INFO [main] org.apache.catalina.startup.VersionLoggerListener.log CATALINA_HOME:         C:\Program Files\Apache Software Foundation\Tomcat 10.1
18-Oct-2025 13:24:15.718 INFO [main] org.apache.catalina.startup.VersionLoggerListener.log Command line argument: --add-opens=java.base/java.lang=ALL-UNNAMED
18-Oct-2025 13:24:15.718 INFO [main] org.apache.catalina.startup.VersionLoggerListener.log Command line argument: --add-opens=java.base/java.io=ALL-UNNAMED
18-Oct-2025 13:24:15.718 INFO [main] org.apache.catalina.startup.VersionLoggerListener.log Command line argument: --add-opens=java.base/java.util=ALL-UNNAMED
18-Oct-2025 13:24:15.718 INFO [main] org.apache.catalina.startup.VersionLoggerListener.log Command line argument: --add-opens=java.base/java.util.concurrent=ALL-UNNAMED
18-Oct-2025 13:24:15.718 INFO [main] org.apache.catalina.startup.VersionLoggerListener.log Command line argument: --add-opens=java.rmi/sun.rmi.transport=ALL-UNNAMED
18-Oct-2025 13:24:15.718 INFO [main] org.apache.catalina.startup.VersionLoggerListener.log Command line argument: -agentlib:jdwp=transport=dt_socket,address=127.0.0.1:63943,suspend=y,server=n
18-Oct-2025 13:24:15.718 INFO [main] org.apache.catalina.startup.VersionLoggerListener.log Command line argument: -Dcatalina.home=C:\Program Files\Apache Software Foundation\Tomcat 10.1
18-Oct-2025 13:24:15.718 INFO [main] org.apache.catalina.startup.VersionLoggerListener.log Command line argument: -Dcatalina.base=C:\Users\Erick\Documents\1TCC CitMobi\Pratico\CitMobi2
18-Oct-2025 13:24:15.718 INFO [main] org.apache.catalina.startup.VersionLoggerListener.log Command line argument: -Djava.io.tmpdir=C:\Users\Erick\Documents\1TCC CitMobi\Pratico\CitMobi2\temp
18-Oct-2025 13:24:15.719 INFO [main] org.apache.catalina.startup.VersionLoggerListener.log Command line argument: -Djava.util.logging.config.file=C:\Users\Erick\Documents\1TCC CitMobi\Pratico\CitMobi2\conf\logging.properties
18-Oct-2025 13:24:15.719 INFO [main] org.apache.catalina.startup.VersionLoggerListener.log Command line argument: -Djava.util.logging.manager=org.apache.juli.ClassLoaderLogManager
18-Oct-2025 13:24:15.719 INFO [main] org.apache.catalina.startup.VersionLoggerListener.log Command line argument: -javaagent:C:\Users\Erick\AppData\Local\JetBrains\IdeaIC2023.3\captureAgent\debugger-agent.jar
18-Oct-2025 13:24:15.719 INFO [main] org.apache.catalina.startup.VersionLoggerListener.log Command line argument: -Dfile.encoding=UTF-8
18-Oct-2025 13:24:15.728 INFO [main] org.apache.catalina.core.AprLifecycleListener.lifecycleEvent The Apache Tomcat Native library which allows using OpenSSL was not found on the java.library.path: [C:\Program Files\Java\jdk-17\bin;C:\Windows\Sun\Java\bin;C:\Windows\system32;C:\Windows;C:\Program Files (x86)\NVIDIA Corporation\PhysX\Common;C:\Python312\Scripts\;C:\Python312\;C:\Program Files\Common Files\Oracle\Java\javapath;C:\Program Files (x86)\Common Files\Intel\Shared Libraries\redist\intel64\compiler;C:\Windows\system32;C:\Windows;C:\Windows\System32\Wbem;C:\Windows\System32\WindowsPowerShell\v1.0\;C:\Windows\System32\OpenSSH\;C:\ProgramData\chocolatey\bin;C:\Program Files\Git\cmd;C:\Program Files\nodejs\;C:\Program Files\Docker\Docker\resources\bin;C:\Program Files\Apache Software Foundation\Maven\bin;C:\Users\Erick\.console-ninja\.bin;C:\Users\Erick\AppData\Local\Microsoft\WindowsApps;C:\Users\Erick\AppData\Local\Programs\Hyper\resources\bin;C:\yt-dlp.exe;;C:\Users\Erick\AppData\Local\Programs\Microsoft VS Code\bin;C:\Program Files\JetBrains\IntelliJ IDEA Community Edition 2023.3.2\bin;;C:\Users\Erick\AppData\Roaming\npm;.]
18-Oct-2025 13:24:15.931 INFO [main] org.apache.coyote.AbstractProtocol.init Initializing ProtocolHandler ["http-nio-8080"]
18-Oct-2025 13:24:15.953 INFO [main] org.apache.catalina.startup.Catalina.load Server initialization in [397] milliseconds
18-Oct-2025 13:24:15.999 INFO [main] org.apache.catalina.core.StandardService.startInternal Starting service [Catalina]
18-Oct-2025 13:24:15.999 INFO [main] org.apache.catalina.core.StandardEngine.startInternal Starting Servlet engine: [Apache Tomcat/10.1.33]
18-Oct-2025 13:24:16.011 INFO [main] org.apache.catalina.startup.HostConfig.deployDescriptor Deploying deployment descriptor [C:\Users\Erick\Documents\1TCC CitMobi\Pratico\CitMobi2\conf\Catalina\localhost\citmobi.xml]
18-Oct-2025 13:24:19.901 INFO [main] org.apache.jasper.servlet.TldScanner.scanJars At least one JAR was scanned for TLDs yet contained no TLDs. Enable debug logging for this logger for a complete list of JARs that were scanned but no TLDs were found in them. Skipping unneeded JARs during scanning can improve startup time and JSP compilation time.
18-Oct-2025 13:24:33.870 INFO [main] org.apache.catalina.startup.HostConfig.deployDescriptor Deployment of deployment descriptor [C:\Users\Erick\Documents\1TCC CitMobi\Pratico\CitMobi2\conf\Catalina\localhost\citmobi.xml] has finished in [17.859] ms
18-Oct-2025 13:24:33.874 INFO [main] org.apache.coyote.AbstractProtocol.start Starting ProtocolHandler ["http-nio-8080"]
18-Oct-2025 13:24:33.888 INFO [main] org.apache.catalina.startup.Catalina.start Server startup in [17934] milliseconds
18-Oct-2025 13:25:45.734 INFO [Thread-3] org.apache.coyote.AbstractProtocol.pause Pausing ProtocolHandler ["http-nio-8080"]
18-Oct-2025 13:25:45.763 INFO [Thread-3] org.apache.catalina.core.StandardService.stopInternal Stopping service [Catalina]
18-Oct-2025 13:25:45.765 INFO [Thread-3] org.apache.catalina.core.StandardWrapper.unload Waiting for [1] instance(s) to be deallocated for Servlet [dispatcherServlet]
18-Oct-2025 13:25:46.100 INFO [Thread-3] org.apache.coyote.AbstractProtocol.stop Stopping ProtocolHandler ["http-nio-8080"]
18-Oct-2025 13:25:46.108 INFO [Thread-3] org.apache.coyote.AbstractProtocol.destroy Destroying ProtocolHandler ["http-nio-8080"]
18-Oct-2025 13:25:48.138 INFO [main] org.apache.catalina.startup.VersionLoggerListener.log Server version name:   Apache Tomcat/10.1.33
18-Oct-2025 13:25:48.142 INFO [main] org.apache.catalina.startup.VersionLoggerListener.log Server built:          Nov 7 2024 22:28:55 UTC
18-Oct-2025 13:25:48.142 INFO [main] org.apache.catalina.startup.VersionLoggerListener.log Server version number: 10.1.33.0
18-Oct-2025 13:25:48.142 INFO [main] org.apache.catalina.startup.VersionLoggerListener.log OS Name:               Windows 10
18-Oct-2025 13:25:48.142 INFO [main] org.apache.catalina.startup.VersionLoggerListener.log OS Version:            10.0
18-Oct-2025 13:25:48.142 INFO [main] org.apache.catalina.startup.VersionLoggerListener.log Architecture:          amd64
18-Oct-2025 13:25:48.142 INFO [main] org.apache.catalina.startup.VersionLoggerListener.log Java Home:             C:\Program Files\Java\jdk-17
18-Oct-2025 13:25:48.143 INFO [main] org.apache.catalina.startup.VersionLoggerListener.log JVM Version:           17.0.12+8-LTS-286
18-Oct-2025 13:25:48.143 INFO [main] org.apache.catalina.startup.VersionLoggerListener.log JVM Vendor:            Oracle Corporation
18-Oct-2025 13:25:48.143 INFO [main] org.apache.catalina.startup.VersionLoggerListener.log CATALINA_BASE:         C:\Users\Erick\Documents\1TCC CitMobi\Pratico\CitMobi2
18-Oct-2025 13:25:48.143 INFO [main] org.apache.catalina.startup.VersionLoggerListener.log CATALINA_HOME:         C:\Program Files\Apache Software Foundation\Tomcat 10.1
18-Oct-2025 13:25:48.153 INFO [main] org.apache.catalina.startup.VersionLoggerListener.log Command line argument: --add-opens=java.base/java.lang=ALL-UNNAMED
18-Oct-2025 13:25:48.153 INFO [main] org.apache.catalina.startup.VersionLoggerListener.log Command line argument: --add-opens=java.base/java.io=ALL-UNNAMED
18-Oct-2025 13:25:48.153 INFO [main] org.apache.catalina.startup.VersionLoggerListener.log Command line argument: --add-opens=java.base/java.util=ALL-UNNAMED
18-Oct-2025 13:25:48.153 INFO [main] org.apache.catalina.startup.VersionLoggerListener.log Command line argument: --add-opens=java.base/java.util.concurrent=ALL-UNNAMED
18-Oct-2025 13:25:48.153 INFO [main] org.apache.catalina.startup.VersionLoggerListener.log Command line argument: --add-opens=java.rmi/sun.rmi.transport=ALL-UNNAMED
18-Oct-2025 13:25:48.154 INFO [main] org.apache.catalina.startup.VersionLoggerListener.log Command line argument: -agentlib:jdwp=transport=dt_socket,address=127.0.0.1:64130,suspend=y,server=n
18-Oct-2025 13:25:48.154 INFO [main] org.apache.catalina.startup.VersionLoggerListener.log Command line argument: -Dcatalina.home=C:\Program Files\Apache Software Foundation\Tomcat 10.1
18-Oct-2025 13:25:48.154 INFO [main] org.apache.catalina.startup.VersionLoggerListener.log Command line argument: -Dcatalina.base=C:\Users\Erick\Documents\1TCC CitMobi\Pratico\CitMobi2
18-Oct-2025 13:25:48.154 INFO [main] org.apache.catalina.startup.VersionLoggerListener.log Command line argument: -Djava.io.tmpdir=C:\Users\Erick\Documents\1TCC CitMobi\Pratico\CitMobi2\temp
18-Oct-2025 13:25:48.154 INFO [main] org.apache.catalina.startup.VersionLoggerListener.log Command line argument: -Djava.util.logging.config.file=C:\Users\Erick\Documents\1TCC CitMobi\Pratico\CitMobi2\conf\logging.properties
18-Oct-2025 13:25:48.154 INFO [main] org.apache.catalina.startup.VersionLoggerListener.log Command line argument: -Djava.util.logging.manager=org.apache.juli.ClassLoaderLogManager
18-Oct-2025 13:25:48.154 INFO [main] org.apache.catalina.startup.VersionLoggerListener.log Command line argument: -javaagent:C:\Users\Erick\AppData\Local\JetBrains\IdeaIC2023.3\captureAgent\debugger-agent.jar
18-Oct-2025 13:25:48.154 INFO [main] org.apache.catalina.startup.VersionLoggerListener.log Command line argument: -Dfile.encoding=UTF-8
18-Oct-2025 13:25:48.163 INFO [main] org.apache.catalina.core.AprLifecycleListener.lifecycleEvent The Apache Tomcat Native library which allows using OpenSSL was not found on the java.library.path: [C:\Program Files\Java\jdk-17\bin;C:\Windows\Sun\Java\bin;C:\Windows\system32;C:\Windows;C:\Program Files (x86)\NVIDIA Corporation\PhysX\Common;C:\Python312\Scripts\;C:\Python312\;C:\Program Files\Common Files\Oracle\Java\javapath;C:\Program Files (x86)\Common Files\Intel\Shared Libraries\redist\intel64\compiler;C:\Windows\system32;C:\Windows;C:\Windows\System32\Wbem;C:\Windows\System32\WindowsPowerShell\v1.0\;C:\Windows\System32\OpenSSH\;C:\ProgramData\chocolatey\bin;C:\Program Files\Git\cmd;C:\Program Files\nodejs\;C:\Program Files\Docker\Docker\resources\bin;C:\Program Files\Apache Software Foundation\Maven\bin;C:\Users\Erick\.console-ninja\.bin;C:\Users\Erick\AppData\Local\Microsoft\WindowsApps;C:\Users\Erick\AppData\Local\Programs\Hyper\resources\bin;C:\yt-dlp.exe;;C:\Users\Erick\AppData\Local\Programs\Microsoft VS Code\bin;C:\Program Files\JetBrains\IntelliJ IDEA Community Edition 2023.3.2\bin;;C:\Users\Erick\AppData\Roaming\npm;.]
18-Oct-2025 13:25:48.350 INFO [main] org.apache.coyote.AbstractProtocol.init Initializing ProtocolHandler ["http-nio-8080"]
18-Oct-2025 13:25:48.373 INFO [main] org.apache.catalina.startup.Catalina.load Server initialization in [394] milliseconds
18-Oct-2025 13:25:48.410 INFO [main] org.apache.catalina.core.StandardService.startInternal Starting service [Catalina]
18-Oct-2025 13:25:48.410 INFO [main] org.apache.catalina.core.StandardEngine.startInternal Starting Servlet engine: [Apache Tomcat/10.1.33]
18-Oct-2025 13:25:48.421 INFO [main] org.apache.catalina.startup.HostConfig.deployDescriptor Deploying deployment descriptor [C:\Users\Erick\Documents\1TCC CitMobi\Pratico\CitMobi2\conf\Catalina\localhost\citmobi.xml]
18-Oct-2025 13:25:49.055 INFO [main] org.apache.catalina.startup.VersionLoggerListener.log Server version name:   Apache Tomcat/10.1.33
18-Oct-2025 13:25:49.058 INFO [main] org.apache.catalina.startup.VersionLoggerListener.log Server built:          Nov 7 2024 22:28:55 UTC
18-Oct-2025 13:25:49.059 INFO [main] org.apache.catalina.startup.VersionLoggerListener.log Server version number: 10.1.33.0
18-Oct-2025 13:25:49.059 INFO [main] org.apache.catalina.startup.VersionLoggerListener.log OS Name:               Windows 10
18-Oct-2025 13:25:49.059 INFO [main] org.apache.catalina.startup.VersionLoggerListener.log OS Version:            10.0
18-Oct-2025 13:25:49.059 INFO [main] org.apache.catalina.startup.VersionLoggerListener.log Architecture:          amd64
18-Oct-2025 13:25:49.059 INFO [main] org.apache.catalina.startup.VersionLoggerListener.log Java Home:             C:\Program Files\Java\jdk-17
18-Oct-2025 13:25:49.059 INFO [main] org.apache.catalina.startup.VersionLoggerListener.log JVM Version:           17.0.12+8-LTS-286
18-Oct-2025 13:25:49.059 INFO [main] org.apache.catalina.startup.VersionLoggerListener.log JVM Vendor:            Oracle Corporation
18-Oct-2025 13:25:49.059 INFO [main] org.apache.catalina.startup.VersionLoggerListener.log CATALINA_BASE:         C:\Users\Erick\Documents\1TCC CitMobi\Pratico\CitMobi2
18-Oct-2025 13:25:49.059 INFO [main] org.apache.catalina.startup.VersionLoggerListener.log CATALINA_HOME:         C:\Program Files\Apache Software Foundation\Tomcat 10.1
18-Oct-2025 13:25:49.065 INFO [main] org.apache.catalina.startup.VersionLoggerListener.log Command line argument: --add-opens=java.base/java.lang=ALL-UNNAMED
18-Oct-2025 13:25:49.065 INFO [main] org.apache.catalina.startup.VersionLoggerListener.log Command line argument: --add-opens=java.base/java.io=ALL-UNNAMED
18-Oct-2025 13:25:49.065 INFO [main] org.apache.catalina.startup.VersionLoggerListener.log Command line argument: --add-opens=java.base/java.util=ALL-UNNAMED
18-Oct-2025 13:25:49.066 INFO [main] org.apache.catalina.startup.VersionLoggerListener.log Command line argument: --add-opens=java.base/java.util.concurrent=ALL-UNNAMED
18-Oct-2025 13:25:49.066 INFO [main] org.apache.catalina.startup.VersionLoggerListener.log Command line argument: --add-opens=java.rmi/sun.rmi.transport=ALL-UNNAMED
18-Oct-2025 13:25:49.066 INFO [main] org.apache.catalina.startup.VersionLoggerListener.log Command line argument: -Dcatalina.home=C:\Program Files\Apache Software Foundation\Tomcat 10.1
18-Oct-2025 13:25:49.066 INFO [main] org.apache.catalina.startup.VersionLoggerListener.log Command line argument: -Dcatalina.base=C:\Users\Erick\Documents\1TCC CitMobi\Pratico\CitMobi2
18-Oct-2025 13:25:49.066 INFO [main] org.apache.catalina.startup.VersionLoggerListener.log Command line argument: -Djava.io.tmpdir=C:\Users\Erick\Documents\1TCC CitMobi\Pratico\CitMobi2\temp
18-Oct-2025 13:25:49.066 INFO [main] org.apache.catalina.startup.VersionLoggerListener.log Command line argument: -Djava.util.logging.config.file=C:\Users\Erick\Documents\1TCC CitMobi\Pratico\CitMobi2\conf\logging.properties
18-Oct-2025 13:25:49.066 INFO [main] org.apache.catalina.startup.VersionLoggerListener.log Command line argument: -Djava.util.logging.manager=org.apache.juli.ClassLoaderLogManager
18-Oct-2025 13:25:49.066 INFO [main] org.apache.catalina.startup.VersionLoggerListener.log Command line argument: -javaagent:C:\Program Files\JetBrains\IntelliJ IDEA Community Edition 2023.3.2\lib\idea_rt.jar=64133:C:\Program Files\JetBrains\IntelliJ IDEA Community Edition 2023.3.2\bin
18-Oct-2025 13:25:49.066 INFO [main] org.apache.catalina.startup.VersionLoggerListener.log Command line argument: -Dfile.encoding=UTF-8
18-Oct-2025 13:25:49.077 INFO [main] org.apache.catalina.core.AprLifecycleListener.lifecycleEvent The Apache Tomcat Native library which allows using OpenSSL was not found on the java.library.path: [C:\Program Files\Java\jdk-17\bin;C:\Windows\Sun\Java\bin;C:\Windows\system32;C:\Windows;C:\Program Files (x86)\NVIDIA Corporation\PhysX\Common;C:\Python312\Scripts\;C:\Python312\;C:\Program Files\Common Files\Oracle\Java\javapath;C:\Program Files (x86)\Common Files\Intel\Shared Libraries\redist\intel64\compiler;C:\Windows\system32;C:\Windows;C:\Windows\System32\Wbem;C:\Windows\System32\WindowsPowerShell\v1.0\;C:\Windows\System32\OpenSSH\;C:\ProgramData\chocolatey\bin;C:\Program Files\Git\cmd;C:\Program Files\nodejs\;C:\Program Files\Docker\Docker\resources\bin;C:\Program Files\Apache Software Foundation\Maven\bin;C:\Users\Erick\.console-ninja\.bin;C:\Users\Erick\AppData\Local\Microsoft\WindowsApps;C:\Users\Erick\AppData\Local\Programs\Hyper\resources\bin;C:\yt-dlp.exe;;C:\Users\Erick\AppData\Local\Programs\Microsoft VS Code\bin;C:\Program Files\JetBrains\IntelliJ IDEA Community Edition 2023.3.2\bin;;C:\Users\Erick\AppData\Roaming\npm;.]
18-Oct-2025 13:25:49.294 INFO [main] org.apache.coyote.AbstractProtocol.init Initializing ProtocolHandler ["http-nio-8080"]
18-Oct-2025 13:25:49.319 SEVERE [main] org.apache.catalina.util.LifecycleBase.handleSubClassException Failed to initialize component [Connector["http-nio-8080"]]
	org.apache.catalina.LifecycleException: Protocol handler initialization failed
		at org.apache.catalina.connector.Connector.initInternal(Connector.java:1030)
		at org.apache.catalina.util.LifecycleBase.init(LifecycleBase.java:122)
		at org.apache.catalina.core.StandardService.initInternal(StandardService.java:525)
		at org.apache.catalina.util.LifecycleBase.init(LifecycleBase.java:122)
		at org.apache.catalina.core.StandardServer.initInternal(StandardServer.java:957)
		at org.apache.catalina.util.LifecycleBase.init(LifecycleBase.java:122)
		at org.apache.catalina.startup.Catalina.load(Catalina.java:708)
		at org.apache.catalina.startup.Catalina.load(Catalina.java:731)
		at java.base/jdk.internal.reflect.NativeMethodAccessorImpl.invoke0(Native Method)
		at java.base/jdk.internal.reflect.NativeMethodAccessorImpl.invoke(NativeMethodAccessorImpl.java:77)
		at java.base/jdk.internal.reflect.DelegatingMethodAccessorImpl.invoke(DelegatingMethodAccessorImpl.java:43)
		at java.base/java.lang.reflect.Method.invoke(Method.java:568)
		at org.apache.catalina.startup.Bootstrap.load(Bootstrap.java:302)
		at org.apache.catalina.startup.Bootstrap.main(Bootstrap.java:472)
	Caused by: java.net.BindException: Address already in use: bind
		at java.base/sun.nio.ch.Net.bind0(Native Method)
		at java.base/sun.nio.ch.Net.bind(Net.java:555)
		at java.base/sun.nio.ch.ServerSocketChannelImpl.netBind(ServerSocketChannelImpl.java:337)
		at java.base/sun.nio.ch.ServerSocketChannelImpl.bind(ServerSocketChannelImpl.java:294)
		at org.apache.tomcat.util.net.NioEndpoint.initServerSocket(NioEndpoint.java:239)
		at org.apache.tomcat.util.net.NioEndpoint.bind(NioEndpoint.java:194)
		at org.apache.tomcat.util.net.AbstractEndpoint.bindWithCleanup(AbstractEndpoint.java:1304)
		at org.apache.tomcat.util.net.AbstractEndpoint.init(AbstractEndpoint.java:1317)
		at org.apache.coyote.AbstractProtocol.init(AbstractProtocol.java:633)
		at org.apache.coyote.http11.AbstractHttp11Protocol.init(AbstractHttp11Protocol.java:82)
		at org.apache.catalina.connector.Connector.initInternal(Connector.java:1028)
		... 13 more
18-Oct-2025 13:25:49.321 INFO [main] org.apache.catalina.startup.Catalina.load Server initialization in [423] milliseconds
18-Oct-2025 13:25:49.378 INFO [main] org.apache.catalina.core.StandardService.startInternal Starting service [Catalina]
18-Oct-2025 13:25:49.378 INFO [main] org.apache.catalina.core.StandardEngine.startInternal Starting Servlet engine: [Apache Tomcat/10.1.33]
18-Oct-2025 13:25:49.390 INFO [main] org.apache.catalina.startup.HostConfig.deployDescriptor Deploying deployment descriptor [C:\Users\Erick\Documents\1TCC CitMobi\Pratico\CitMobi2\conf\Catalina\localhost\citmobi.xml]
18-Oct-2025 13:25:53.349 INFO [main] org.apache.catalina.startup.VersionLoggerListener.log Server version name:   Apache Tomcat/10.1.33
18-Oct-2025 13:25:53.352 INFO [main] org.apache.catalina.startup.VersionLoggerListener.log Server built:          Nov 7 2024 22:28:55 UTC
18-Oct-2025 13:25:53.352 INFO [main] org.apache.catalina.startup.VersionLoggerListener.log Server version number: 10.1.33.0
18-Oct-2025 13:25:53.353 INFO [main] org.apache.catalina.startup.VersionLoggerListener.log OS Name:               Windows 10
18-Oct-2025 13:25:53.353 INFO [main] org.apache.catalina.startup.VersionLoggerListener.log OS Version:            10.0
18-Oct-2025 13:25:53.353 INFO [main] org.apache.catalina.startup.VersionLoggerListener.log Architecture:          amd64
18-Oct-2025 13:25:53.353 INFO [main] org.apache.catalina.startup.VersionLoggerListener.log Java Home:             C:\Program Files\Java\jdk-17
18-Oct-2025 13:25:53.353 INFO [main] org.apache.catalina.startup.VersionLoggerListener.log JVM Version:           17.0.12+8-LTS-286
18-Oct-2025 13:25:53.353 INFO [main] org.apache.catalina.startup.VersionLoggerListener.log JVM Vendor:            Oracle Corporation
18-Oct-2025 13:25:53.353 INFO [main] org.apache.catalina.startup.VersionLoggerListener.log CATALINA_BASE:         C:\Users\Erick\Documents\1TCC CitMobi\Pratico\CitMobi2
18-Oct-2025 13:25:53.353 INFO [main] org.apache.catalina.startup.VersionLoggerListener.log CATALINA_HOME:         C:\Program Files\Apache Software Foundation\Tomcat 10.1
18-Oct-2025 13:25:53.359 INFO [main] org.apache.catalina.startup.VersionLoggerListener.log Command line argument: --add-opens=java.base/java.lang=ALL-UNNAMED
18-Oct-2025 13:25:53.359 INFO [main] org.apache.catalina.startup.VersionLoggerListener.log Command line argument: --add-opens=java.base/java.io=ALL-UNNAMED
18-Oct-2025 13:25:53.359 INFO [main] org.apache.catalina.startup.VersionLoggerListener.log Command line argument: --add-opens=java.base/java.util=ALL-UNNAMED
18-Oct-2025 13:25:53.359 INFO [main] org.apache.catalina.startup.VersionLoggerListener.log Command line argument: --add-opens=java.base/java.util.concurrent=ALL-UNNAMED
18-Oct-2025 13:25:53.359 INFO [main] org.apache.catalina.startup.VersionLoggerListener.log Command line argument: --add-opens=java.rmi/sun.rmi.transport=ALL-UNNAMED
18-Oct-2025 13:25:53.359 INFO [main] org.apache.catalina.startup.VersionLoggerListener.log Command line argument: -Dcatalina.home=C:\Program Files\Apache Software Foundation\Tomcat 10.1
18-Oct-2025 13:25:53.359 INFO [main] org.apache.catalina.startup.VersionLoggerListener.log Command line argument: -Dcatalina.base=C:\Users\Erick\Documents\1TCC CitMobi\Pratico\CitMobi2
18-Oct-2025 13:25:53.359 INFO [main] org.apache.catalina.startup.VersionLoggerListener.log Command line argument: -Djava.io.tmpdir=C:\Users\Erick\Documents\1TCC CitMobi\Pratico\CitMobi2\temp
18-Oct-2025 13:25:53.359 INFO [main] org.apache.catalina.startup.VersionLoggerListener.log Command line argument: -Djava.util.logging.config.file=C:\Users\Erick\Documents\1TCC CitMobi\Pratico\CitMobi2\conf\logging.properties
18-Oct-2025 13:25:53.359 INFO [main] org.apache.catalina.startup.VersionLoggerListener.log Command line argument: -Djava.util.logging.manager=org.apache.juli.ClassLoaderLogManager
18-Oct-2025 13:25:53.360 INFO [main] org.apache.catalina.startup.VersionLoggerListener.log Command line argument: -javaagent:C:\Program Files\JetBrains\IntelliJ IDEA Community Edition 2023.3.2\lib\idea_rt.jar=64143:C:\Program Files\JetBrains\IntelliJ IDEA Community Edition 2023.3.2\bin
18-Oct-2025 13:25:53.360 INFO [main] org.apache.catalina.startup.VersionLoggerListener.log Command line argument: -Dfile.encoding=UTF-8
18-Oct-2025 13:25:53.367 INFO [main] org.apache.catalina.core.AprLifecycleListener.lifecycleEvent The Apache Tomcat Native library which allows using OpenSSL was not found on the java.library.path: [C:\Program Files\Java\jdk-17\bin;C:\Windows\Sun\Java\bin;C:\Windows\system32;C:\Windows;C:\Program Files (x86)\NVIDIA Corporation\PhysX\Common;C:\Python312\Scripts\;C:\Python312\;C:\Program Files\Common Files\Oracle\Java\javapath;C:\Program Files (x86)\Common Files\Intel\Shared Libraries\redist\intel64\compiler;C:\Windows\system32;C:\Windows;C:\Windows\System32\Wbem;C:\Windows\System32\WindowsPowerShell\v1.0\;C:\Windows\System32\OpenSSH\;C:\ProgramData\chocolatey\bin;C:\Program Files\Git\cmd;C:\Program Files\nodejs\;C:\Program Files\Docker\Docker\resources\bin;C:\Program Files\Apache Software Foundation\Maven\bin;C:\Users\Erick\.console-ninja\.bin;C:\Users\Erick\AppData\Local\Microsoft\WindowsApps;C:\Users\Erick\AppData\Local\Programs\Hyper\resources\bin;C:\yt-dlp.exe;;C:\Users\Erick\AppData\Local\Programs\Microsoft VS Code\bin;C:\Program Files\JetBrains\IntelliJ IDEA Community Edition 2023.3.2\bin;;C:\Users\Erick\AppData\Roaming\npm;.]
18-Oct-2025 13:25:53.541 INFO [main] org.apache.coyote.AbstractProtocol.init Initializing ProtocolHandler ["http-nio-8080"]
18-Oct-2025 13:25:53.557 INFO [main] org.apache.catalina.startup.Catalina.load Server initialization in [339] milliseconds
18-Oct-2025 13:25:53.592 INFO [main] org.apache.catalina.core.StandardService.startInternal Starting service [Catalina]
18-Oct-2025 13:25:53.593 INFO [main] org.apache.catalina.core.StandardEngine.startInternal Starting Servlet engine: [Apache Tomcat/10.1.33]
18-Oct-2025 13:25:53.602 INFO [main] org.apache.catalina.startup.HostConfig.deployDescriptor Deploying deployment descriptor [C:\Users\Erick\Documents\1TCC CitMobi\Pratico\CitMobi2\conf\Catalina\localhost\citmobi.xml]
18-Oct-2025 13:25:57.702 INFO [main] org.apache.jasper.servlet.TldScanner.scanJars At least one JAR was scanned for TLDs yet contained no TLDs. Enable debug logging for this logger for a complete list of JARs that were scanned but no TLDs were found in them. Skipping unneeded JARs during scanning can improve startup time and JSP compilation time.
18-Oct-2025 13:26:11.315 INFO [main] org.apache.catalina.startup.HostConfig.deployDescriptor Deployment of deployment descriptor [C:\Users\Erick\Documents\1TCC CitMobi\Pratico\CitMobi2\conf\Catalina\localhost\citmobi.xml] has finished in [17.712] ms
18-Oct-2025 13:26:11.319 INFO [main] org.apache.coyote.AbstractProtocol.start Starting ProtocolHandler ["http-nio-8080"]
18-Oct-2025 13:26:11.331 INFO [main] org.apache.catalina.startup.Catalina.start Server startup in [17773] milliseconds
18-Oct-2025 13:27:05.786 INFO [Thread-3] org.apache.coyote.AbstractProtocol.pause Pausing ProtocolHandler ["http-nio-8080"]
18-Oct-2025 13:27:05.814 INFO [Thread-3] org.apache.catalina.core.StandardService.stopInternal Stopping service [Catalina]
18-Oct-2025 13:27:05.863 INFO [Thread-3] org.apache.coyote.AbstractProtocol.stop Stopping ProtocolHandler ["http-nio-8080"]
18-Oct-2025 13:27:05.870 INFO [Thread-3] org.apache.coyote.AbstractProtocol.destroy Destroying ProtocolHandler ["http-nio-8080"]
18-Oct-2025 13:27:07.043 INFO [main] org.apache.catalina.startup.VersionLoggerListener.log Server version name:   Apache Tomcat/10.1.33
18-Oct-2025 13:27:07.047 INFO [main] org.apache.catalina.startup.VersionLoggerListener.log Server built:          Nov 7 2024 22:28:55 UTC
18-Oct-2025 13:27:07.048 INFO [main] org.apache.catalina.startup.VersionLoggerListener.log Server version number: 10.1.33.0
18-Oct-2025 13:27:07.048 INFO [main] org.apache.catalina.startup.VersionLoggerListener.log OS Name:               Windows 10
18-Oct-2025 13:27:07.048 INFO [main] org.apache.catalina.startup.VersionLoggerListener.log OS Version:            10.0
18-Oct-2025 13:27:07.048 INFO [main] org.apache.catalina.startup.VersionLoggerListener.log Architecture:          amd64
18-Oct-2025 13:27:07.048 INFO [main] org.apache.catalina.startup.VersionLoggerListener.log Java Home:             C:\Program Files\Java\jdk-17
18-Oct-2025 13:27:07.048 INFO [main] org.apache.catalina.startup.VersionLoggerListener.log JVM Version:           17.0.12+8-LTS-286
18-Oct-2025 13:27:07.048 INFO [main] org.apache.catalina.startup.VersionLoggerListener.log JVM Vendor:            Oracle Corporation
18-Oct-2025 13:27:07.048 INFO [main] org.apache.catalina.startup.VersionLoggerListener.log CATALINA_BASE:         C:\Users\Erick\Documents\1TCC CitMobi\Pratico\CitMobi2
18-Oct-2025 13:27:07.048 INFO [main] org.apache.catalina.startup.VersionLoggerListener.log CATALINA_HOME:         C:\Program Files\Apache Software Foundation\Tomcat 10.1
18-Oct-2025 13:27:07.057 INFO [main] org.apache.catalina.startup.VersionLoggerListener.log Command line argument: --add-opens=java.base/java.lang=ALL-UNNAMED
18-Oct-2025 13:27:07.057 INFO [main] org.apache.catalina.startup.VersionLoggerListener.log Command line argument: --add-opens=java.base/java.io=ALL-UNNAMED
18-Oct-2025 13:27:07.057 INFO [main] org.apache.catalina.startup.VersionLoggerListener.log Command line argument: --add-opens=java.base/java.util=ALL-UNNAMED
18-Oct-2025 13:27:07.057 INFO [main] org.apache.catalina.startup.VersionLoggerListener.log Command line argument: --add-opens=java.base/java.util.concurrent=ALL-UNNAMED
18-Oct-2025 13:27:07.057 INFO [main] org.apache.catalina.startup.VersionLoggerListener.log Command line argument: --add-opens=java.rmi/sun.rmi.transport=ALL-UNNAMED
18-Oct-2025 13:27:07.057 INFO [main] org.apache.catalina.startup.VersionLoggerListener.log Command line argument: -agentlib:jdwp=transport=dt_socket,address=127.0.0.1:64274,suspend=y,server=n
18-Oct-2025 13:27:07.058 INFO [main] org.apache.catalina.startup.VersionLoggerListener.log Command line argument: -Dcatalina.home=C:\Program Files\Apache Software Foundation\Tomcat 10.1
18-Oct-2025 13:27:07.058 INFO [main] org.apache.catalina.startup.VersionLoggerListener.log Command line argument: -Dcatalina.base=C:\Users\Erick\Documents\1TCC CitMobi\Pratico\CitMobi2
18-Oct-2025 13:27:07.058 INFO [main] org.apache.catalina.startup.VersionLoggerListener.log Command line argument: -Djava.io.tmpdir=C:\Users\Erick\Documents\1TCC CitMobi\Pratico\CitMobi2\temp
18-Oct-2025 13:27:07.058 INFO [main] org.apache.catalina.startup.VersionLoggerListener.log Command line argument: -Djava.util.logging.config.file=C:\Users\Erick\Documents\1TCC CitMobi\Pratico\CitMobi2\conf\logging.properties
18-Oct-2025 13:27:07.058 INFO [main] org.apache.catalina.startup.VersionLoggerListener.log Command line argument: -Djava.util.logging.manager=org.apache.juli.ClassLoaderLogManager
18-Oct-2025 13:27:07.058 INFO [main] org.apache.catalina.startup.VersionLoggerListener.log Command line argument: -javaagent:C:\Users\Erick\AppData\Local\JetBrains\IdeaIC2023.3\captureAgent\debugger-agent.jar
18-Oct-2025 13:27:07.058 INFO [main] org.apache.catalina.startup.VersionLoggerListener.log Command line argument: -Dfile.encoding=UTF-8
18-Oct-2025 13:27:07.070 INFO [main] org.apache.catalina.core.AprLifecycleListener.lifecycleEvent The Apache Tomcat Native library which allows using OpenSSL was not found on the java.library.path: [C:\Program Files\Java\jdk-17\bin;C:\Windows\Sun\Java\bin;C:\Windows\system32;C:\Windows;C:\Program Files (x86)\NVIDIA Corporation\PhysX\Common;C:\Python312\Scripts\;C:\Python312\;C:\Program Files\Common Files\Oracle\Java\javapath;C:\Program Files (x86)\Common Files\Intel\Shared Libraries\redist\intel64\compiler;C:\Windows\system32;C:\Windows;C:\Windows\System32\Wbem;C:\Windows\System32\WindowsPowerShell\v1.0\;C:\Windows\System32\OpenSSH\;C:\ProgramData\chocolatey\bin;C:\Program Files\Git\cmd;C:\Program Files\nodejs\;C:\Program Files\Docker\Docker\resources\bin;C:\Program Files\Apache Software Foundation\Maven\bin;C:\Users\Erick\.console-ninja\.bin;C:\Users\Erick\AppData\Local\Microsoft\WindowsApps;C:\Users\Erick\AppData\Local\Programs\Hyper\resources\bin;C:\yt-dlp.exe;;C:\Users\Erick\AppData\Local\Programs\Microsoft VS Code\bin;C:\Program Files\JetBrains\IntelliJ IDEA Community Edition 2023.3.2\bin;;C:\Users\Erick\AppData\Roaming\npm;.]
18-Oct-2025 13:27:07.286 INFO [main] org.apache.coyote.AbstractProtocol.init Initializing ProtocolHandler ["http-nio-8080"]
18-Oct-2025 13:27:07.308 INFO [main] org.apache.catalina.startup.Catalina.load Server initialization in [467] milliseconds
18-Oct-2025 13:27:07.348 INFO [main] org.apache.catalina.core.StandardService.startInternal Starting service [Catalina]
18-Oct-2025 13:27:07.348 INFO [main] org.apache.catalina.core.StandardEngine.startInternal Starting Servlet engine: [Apache Tomcat/10.1.33]
18-Oct-2025 13:27:07.358 INFO [main] org.apache.catalina.startup.HostConfig.deployDescriptor Deploying deployment descriptor [C:\Users\Erick\Documents\1TCC CitMobi\Pratico\CitMobi2\conf\Catalina\localhost\citmobi.xml]
18-Oct-2025 13:27:11.408 INFO [main] org.apache.jasper.servlet.TldScanner.scanJars At least one JAR was scanned for TLDs yet contained no TLDs. Enable debug logging for this logger for a complete list of JARs that were scanned but no TLDs were found in them. Skipping unneeded JARs during scanning can improve startup time and JSP compilation time.
18-Oct-2025 13:27:24.443 INFO [main] org.apache.catalina.startup.HostConfig.deployDescriptor Deployment of deployment descriptor [C:\Users\Erick\Documents\1TCC CitMobi\Pratico\CitMobi2\conf\Catalina\localhost\citmobi.xml] has finished in [17.085] ms
18-Oct-2025 13:27:24.447 INFO [main] org.apache.coyote.AbstractProtocol.start Starting ProtocolHandler ["http-nio-8080"]
18-Oct-2025 13:27:24.464 INFO [main] org.apache.catalina.startup.Catalina.start Server startup in [17155] milliseconds
18-Oct-2025 13:28:04.253 INFO [Thread-3] org.apache.coyote.AbstractProtocol.pause Pausing ProtocolHandler ["http-nio-8080"]
18-Oct-2025 13:28:04.281 INFO [Thread-3] org.apache.catalina.core.StandardService.stopInternal Stopping service [Catalina]
18-Oct-2025 13:28:04.283 INFO [Thread-3] org.apache.catalina.core.StandardWrapper.unload Waiting for [1] instance(s) to be deallocated for Servlet [dispatcherServlet]
18-Oct-2025 13:28:04.617 INFO [Thread-3] org.apache.coyote.AbstractProtocol.stop Stopping ProtocolHandler ["http-nio-8080"]
18-Oct-2025 13:28:04.630 INFO [Thread-3] org.apache.coyote.AbstractProtocol.destroy Destroying ProtocolHandler ["http-nio-8080"]
